// Jest Snapshot v1, https://goo.gl/fbAQLP

exports[`sholud render Expense list item with one expense 1`] = `
<[object Object]
  className="list-item"
  to="/edit/2"
>
  <div>
    <h3
      className="list-item_title"
    >
       
      Rent
       
    </h3>
    <span
      className="list-item_sub-title"
    >
      Dec 28th, 1969
    </span>
  </div>
  <h3
    className="list-item_data"
  >
    $1,000.00
  </h3>
</[object Object]>
`;
