// Jest Snapshot v1, https://goo.gl/fbAQLP

exports[`should render Loading correctly 1`] = `
<div
  className="Loading-Page"
>
  <div
    className="loading"
  >
    <div
      className="loading-div"
    />
    <div
      className="loading-div"
    />
    <div
      className="loading-div"
    />
    <div
      className="loading-div"
    />
    <div
      className="loading-div"
    />
    <div
      className="loading-div"
    />
    <div
      className="loading-div"
    />
    <div
      className="loading-div"
    />
  </div>
</div>
`;
